Impossible de connaître la qualité de l’air, aucun capteur dans la zone sélectionnée
